CRITICAL - 2026-04-26 05:57:26 --> ErrorException: Cannot redeclare App\Controllers\Wilayah::updateRw()
[Method: GET, Route: wilayah]
in APPPATH\Controllers\Wilayah.php on line 340.
 1 [internal function]: CodeIgniter\Debug\Exceptions->shutdownHandler()
CRITICAL - 2026-04-26 07:08:21 --> Error: Undefined constant "App\Controllers\error"
[Method: POST, Route: wilayah/importExcel]
in APPPATH\Controllers\Wilayah.php on line 374.
 1 SYSTEMPATH\CodeIgniter.php(951): App\Controllers\Wilayah->importExcel()
 2 SYSTEMPATH\CodeIgniter.php(497): CodeIgniter\CodeIgniter->runController(Object(App\Controllers\Wilayah))
 3 SYSTEMPATH\CodeIgniter.php(340): CodeIgniter\CodeIgniter->handleRequest(null, Object(Config\Cache), false)
 4 SYSTEMPATH\Boot.php(417): CodeIgniter\CodeIgniter->run()
 5 SYSTEMPATH\Boot.php(68): CodeIgniter\Boot::runCodeIgniter(Object(CodeIgniter\CodeIgniter))
 6 FCPATH\index.php(59): CodeIgniter\Boot::bootWeb(Object(Config\Paths))
CRITICAL - 2026-04-26 07:09:51 --> Error: Undefined constant "App\Controllers\error"
[Method: POST, Route: wilayah/importExcel]
in APPPATH\Controllers\Wilayah.php on line 374.
 1 SYSTEMPATH\CodeIgniter.php(951): App\Controllers\Wilayah->importExcel()
 2 SYSTEMPATH\CodeIgniter.php(497): CodeIgniter\CodeIgniter->runController(Object(App\Controllers\Wilayah))
 3 SYSTEMPATH\CodeIgniter.php(340): CodeIgniter\CodeIgniter->handleRequest(null, Object(Config\Cache), false)
 4 SYSTEMPATH\Boot.php(417): CodeIgniter\CodeIgniter->run()
 5 SYSTEMPATH\Boot.php(68): CodeIgniter\Boot::runCodeIgniter(Object(CodeIgniter\CodeIgniter))
 6 FCPATH\index.php(59): CodeIgniter\Boot::bootWeb(Object(Config\Paths))
CRITICAL - 2026-04-26 07:10:29 --> Error: Undefined constant "App\Controllers\error"
[Method: POST, Route: wilayah/importExcel]
in APPPATH\Controllers\Wilayah.php on line 374.
 1 SYSTEMPATH\CodeIgniter.php(951): App\Controllers\Wilayah->importExcel()
 2 SYSTEMPATH\CodeIgniter.php(497): CodeIgniter\CodeIgniter->runController(Object(App\Controllers\Wilayah))
 3 SYSTEMPATH\CodeIgniter.php(340): CodeIgniter\CodeIgniter->handleRequest(null, Object(Config\Cache), false)
 4 SYSTEMPATH\Boot.php(417): CodeIgniter\CodeIgniter->run()
 5 SYSTEMPATH\Boot.php(68): CodeIgniter\Boot::runCodeIgniter(Object(CodeIgniter\CodeIgniter))
 6 FCPATH\index.php(59): CodeIgniter\Boot::bootWeb(Object(Config\Paths))
CRITICAL - 2026-04-26 07:11:06 --> Error: Undefined constant "App\Controllers\error"
[Method: POST, Route: wilayah/importExcel]
in APPPATH\Controllers\Wilayah.php on line 374.
 1 SYSTEMPATH\CodeIgniter.php(951): App\Controllers\Wilayah->importExcel()
 2 SYSTEMPATH\CodeIgniter.php(497): CodeIgniter\CodeIgniter->runController(Object(App\Controllers\Wilayah))
 3 SYSTEMPATH\CodeIgniter.php(340): CodeIgniter\CodeIgniter->handleRequest(null, Object(Config\Cache), false)
 4 SYSTEMPATH\Boot.php(417): CodeIgniter\CodeIgniter->run()
 5 SYSTEMPATH\Boot.php(68): CodeIgniter\Boot::runCodeIgniter(Object(CodeIgniter\CodeIgniter))
 6 FCPATH\index.php(59): CodeIgniter\Boot::bootWeb(Object(Config\Paths))
CRITICAL - 2026-04-26 07:13:41 --> Error: Undefined constant "App\Controllers\error"
[Method: POST, Route: wilayah/importExcel]
in APPPATH\Controllers\Wilayah.php on line 374.
 1 SYSTEMPATH\CodeIgniter.php(951): App\Controllers\Wilayah->importExcel()
 2 SYSTEMPATH\CodeIgniter.php(497): CodeIgniter\CodeIgniter->runController(Object(App\Controllers\Wilayah))
 3 SYSTEMPATH\CodeIgniter.php(340): CodeIgniter\CodeIgniter->handleRequest(null, Object(Config\Cache), false)
 4 SYSTEMPATH\Boot.php(417): CodeIgniter\CodeIgniter->run()
 5 SYSTEMPATH\Boot.php(68): CodeIgniter\Boot::runCodeIgniter(Object(CodeIgniter\CodeIgniter))
 6 FCPATH\index.php(59): CodeIgniter\Boot::bootWeb(Object(Config\Paths))
CRITICAL - 2026-04-26 08:52:05 --> ParseError: syntax error, unexpected double-quoted string " enctype=", expecting "," or ";"
[Method: GET, Route: wilayah]
in APPPATH\Views\wilayah\wilayah_view.php on line 130.
 1 SYSTEMPATH\View\View.php(243): CodeIgniter\View\View->CodeIgniter\View\{closure}()
 2 SYSTEMPATH\Common.php(1250): CodeIgniter\View\View->render('wilayah/wilayah_view', [], true)
 3 APPPATH\Controllers\Wilayah.php(21): view('wilayah/wilayah_view')
 4 SYSTEMPATH\CodeIgniter.php(951): App\Controllers\Wilayah->index()
 5 SYSTEMPATH\CodeIgniter.php(497): CodeIgniter\CodeIgniter->runController(Object(App\Controllers\Wilayah))
 6 SYSTEMPATH\CodeIgniter.php(340): CodeIgniter\CodeIgniter->handleRequest(null, Object(Config\Cache), false)
 7 SYSTEMPATH\Boot.php(417): CodeIgniter\CodeIgniter->run()
 8 SYSTEMPATH\Boot.php(68): CodeIgniter\Boot::runCodeIgniter(Object(CodeIgniter\CodeIgniter))
 9 FCPATH\index.php(59): CodeIgniter\Boot::bootWeb(Object(Config\Paths))
CRITICAL - 2026-04-26 08:53:17 --> Error: Class "ZipArchive" not found
[Method: POST, Route: wilayah/preview]
in VENDORPATH\phpoffice\phpspreadsheet\src\PhpSpreadsheet\Shared\File.php on line 61.
 1 VENDORPATH\phpoffice\phpspreadsheet\src\PhpSpreadsheet\Shared\File.php(195): PhpOffice\PhpSpreadsheet\Shared\File::fileExists('zip://C:\\Users\\User\\AppData\\Local\\Temp\\php7E34.tmp#_rels/.rels')
 2 VENDORPATH\phpoffice\phpspreadsheet\src\PhpSpreadsheet\Reader\Xlsx.php(93): PhpOffice\PhpSpreadsheet\Shared\File::testFileNoThrow('C:\\Users\\User\\AppData\\Local\\Temp\\php7E34.tmp', '_rels/.rels')
 3 VENDORPATH\phpoffice\phpspreadsheet\src\PhpSpreadsheet\IOFactory.php(210): PhpOffice\PhpSpreadsheet\Reader\Xlsx->canRead('C:\\Users\\User\\AppData\\Local\\Temp\\php7E34.tmp')
 4 VENDORPATH\phpoffice\phpspreadsheet\src\PhpSpreadsheet\IOFactory.php(145): PhpOffice\PhpSpreadsheet\IOFactory::createReaderForFile('C:\\Users\\User\\AppData\\Local\\Temp\\php7E34.tmp', null, [])
 5 APPPATH\Controllers\Wilayah.php(381): PhpOffice\PhpSpreadsheet\IOFactory::load('C:\\Users\\User\\AppData\\Local\\Temp\\php7E34.tmp')
 6 SYSTEMPATH\CodeIgniter.php(951): App\Controllers\Wilayah->preview()
 7 SYSTEMPATH\CodeIgniter.php(497): CodeIgniter\CodeIgniter->runController(Object(App\Controllers\Wilayah))
 8 SYSTEMPATH\CodeIgniter.php(340): CodeIgniter\CodeIgniter->handleRequest(null, Object(Config\Cache), false)
 9 SYSTEMPATH\Boot.php(417): CodeIgniter\CodeIgniter->run()
10 SYSTEMPATH\Boot.php(68): CodeIgniter\Boot::runCodeIgniter(Object(CodeIgniter\CodeIgniter))
11 FCPATH\index.php(59): CodeIgniter\Boot::bootWeb(Object(Config\Paths))
CRITICAL - 2026-04-26 09:00:38 --> CodeIgniter\View\Exceptions\ViewException: Invalid file: "import/preview.php"
[Method: POST, Route: wilayah/preview]
in SYSTEMPATH\Exceptions\FrameworkException.php on line 39.
 1 SYSTEMPATH\View\View.php(228): CodeIgniter\Exceptions\FrameworkException::forInvalidFile('import/preview.php')
 2 SYSTEMPATH\Common.php(1250): CodeIgniter\View\View->render('import/preview', [], true)
 3 APPPATH\Controllers\Wilayah.php(422): view('import/preview', [...])
 4 SYSTEMPATH\CodeIgniter.php(951): App\Controllers\Wilayah->preview()
 5 SYSTEMPATH\CodeIgniter.php(497): CodeIgniter\CodeIgniter->runController(Object(App\Controllers\Wilayah))
 6 SYSTEMPATH\CodeIgniter.php(340): CodeIgniter\CodeIgniter->handleRequest(null, Object(Config\Cache), false)
 7 SYSTEMPATH\Boot.php(417): CodeIgniter\CodeIgniter->run()
 8 SYSTEMPATH\Boot.php(68): CodeIgniter\Boot::runCodeIgniter(Object(CodeIgniter\CodeIgniter))
 9 FCPATH\index.php(59): CodeIgniter\Boot::bootWeb(Object(Config\Paths))
CRITICAL - 2026-04-26 09:00:52 --> CodeIgniter\View\Exceptions\ViewException: Invalid file: "import/preview.php"
[Method: POST, Route: wilayah/preview]
in SYSTEMPATH\Exceptions\FrameworkException.php on line 39.
 1 SYSTEMPATH\View\View.php(228): CodeIgniter\Exceptions\FrameworkException::forInvalidFile('import/preview.php')
 2 SYSTEMPATH\Common.php(1250): CodeIgniter\View\View->render('import/preview', [], true)
 3 APPPATH\Controllers\Wilayah.php(422): view('import/preview', [...])
 4 SYSTEMPATH\CodeIgniter.php(951): App\Controllers\Wilayah->preview()
 5 SYSTEMPATH\CodeIgniter.php(497): CodeIgniter\CodeIgniter->runController(Object(App\Controllers\Wilayah))
 6 SYSTEMPATH\CodeIgniter.php(340): CodeIgniter\CodeIgniter->handleRequest(null, Object(Config\Cache), false)
 7 SYSTEMPATH\Boot.php(417): CodeIgniter\CodeIgniter->run()
 8 SYSTEMPATH\Boot.php(68): CodeIgniter\Boot::runCodeIgniter(Object(CodeIgniter\CodeIgniter))
 9 FCPATH\index.php(59): CodeIgniter\Boot::bootWeb(Object(Config\Paths))
CRITICAL - 2026-04-26 09:02:15 --> CodeIgniter\View\Exceptions\ViewException: Invalid file: "import/preview.php"
[Method: POST, Route: wilayah/preview]
in SYSTEMPATH\Exceptions\FrameworkException.php on line 39.
 1 SYSTEMPATH\View\View.php(228): CodeIgniter\Exceptions\FrameworkException::forInvalidFile('import/preview.php')
 2 SYSTEMPATH\Common.php(1250): CodeIgniter\View\View->render('import/preview', [], true)
 3 APPPATH\Controllers\Wilayah.php(431): view('import/preview', [...])
 4 SYSTEMPATH\CodeIgniter.php(951): App\Controllers\Wilayah->preview()
 5 SYSTEMPATH\CodeIgniter.php(497): CodeIgniter\CodeIgniter->runController(Object(App\Controllers\Wilayah))
 6 SYSTEMPATH\CodeIgniter.php(340): CodeIgniter\CodeIgniter->handleRequest(null, Object(Config\Cache), false)
 7 SYSTEMPATH\Boot.php(417): CodeIgniter\CodeIgniter->run()
 8 SYSTEMPATH\Boot.php(68): CodeIgniter\Boot::runCodeIgniter(Object(CodeIgniter\CodeIgniter))
 9 FCPATH\index.php(59): CodeIgniter\Boot::bootWeb(Object(Config\Paths))
CRITICAL - 2026-04-26 09:03:10 --> CodeIgniter\View\Exceptions\ViewException: Invalid file: "import/preview.php"
[Method: POST, Route: wilayah/preview]
in SYSTEMPATH\Exceptions\FrameworkException.php on line 39.
 1 SYSTEMPATH\View\View.php(228): CodeIgniter\Exceptions\FrameworkException::forInvalidFile('import/preview.php')
 2 SYSTEMPATH\Common.php(1250): CodeIgniter\View\View->render('import/preview', [], true)
 3 APPPATH\Controllers\Wilayah.php(431): view('import/preview', [...])
 4 SYSTEMPATH\CodeIgniter.php(951): App\Controllers\Wilayah->preview()
 5 SYSTEMPATH\CodeIgniter.php(497): CodeIgniter\CodeIgniter->runController(Object(App\Controllers\Wilayah))
 6 SYSTEMPATH\CodeIgniter.php(340): CodeIgniter\CodeIgniter->handleRequest(null, Object(Config\Cache), false)
 7 SYSTEMPATH\Boot.php(417): CodeIgniter\CodeIgniter->run()
 8 SYSTEMPATH\Boot.php(68): CodeIgniter\Boot::runCodeIgniter(Object(CodeIgniter\CodeIgniter))
 9 FCPATH\index.php(59): CodeIgniter\Boot::bootWeb(Object(Config\Paths))
CRITICAL - 2026-04-26 09:19:50 --> CodeIgniter\Database\Exceptions\DataException: There is no data to insert.
[Method: POST, Route: wilayah/import]
in SYSTEMPATH\BaseModel.php on line 885.
 1 SYSTEMPATH\BaseModel.php(885): CodeIgniter\Database\Exceptions\DataException::forEmptyDataset('insert')
 2 SYSTEMPATH\Model.php(668): CodeIgniter\BaseModel->insert([], true)
 3 APPPATH\Controllers\Wilayah.php(433): CodeIgniter\Model->insert([...])
 4 SYSTEMPATH\CodeIgniter.php(951): App\Controllers\Wilayah->import()
 5 SYSTEMPATH\CodeIgniter.php(497): CodeIgniter\CodeIgniter->runController(Object(App\Controllers\Wilayah))
 6 SYSTEMPATH\CodeIgniter.php(340): CodeIgniter\CodeIgniter->handleRequest(null, Object(Config\Cache), false)
 7 SYSTEMPATH\Boot.php(417): CodeIgniter\CodeIgniter->run()
 8 SYSTEMPATH\Boot.php(68): CodeIgniter\Boot::runCodeIgniter(Object(CodeIgniter\CodeIgniter))
 9 FCPATH\index.php(59): CodeIgniter\Boot::bootWeb(Object(Config\Paths))
CRITICAL - 2026-04-26 09:21:34 --> CodeIgniter\Database\Exceptions\DataException: There is no data to insert.
[Method: POST, Route: wilayah/import]
in SYSTEMPATH\BaseModel.php on line 885.
 1 SYSTEMPATH\BaseModel.php(885): CodeIgniter\Database\Exceptions\DataException::forEmptyDataset('insert')
 2 SYSTEMPATH\Model.php(668): CodeIgniter\BaseModel->insert([], true)
 3 APPPATH\Controllers\Wilayah.php(433): CodeIgniter\Model->insert([...])
 4 SYSTEMPATH\CodeIgniter.php(951): App\Controllers\Wilayah->import()
 5 SYSTEMPATH\CodeIgniter.php(497): CodeIgniter\CodeIgniter->runController(Object(App\Controllers\Wilayah))
 6 SYSTEMPATH\CodeIgniter.php(340): CodeIgniter\CodeIgniter->handleRequest(null, Object(Config\Cache), false)
 7 SYSTEMPATH\Boot.php(417): CodeIgniter\CodeIgniter->run()
 8 SYSTEMPATH\Boot.php(68): CodeIgniter\Boot::runCodeIgniter(Object(CodeIgniter\CodeIgniter))
 9 FCPATH\index.php(59): CodeIgniter\Boot::bootWeb(Object(Config\Paths))
CRITICAL - 2026-04-26 09:22:08 --> CodeIgniter\Database\Exceptions\DataException: There is no data to insert.
[Method: POST, Route: wilayah/import]
in SYSTEMPATH\BaseModel.php on line 885.
 1 SYSTEMPATH\BaseModel.php(885): CodeIgniter\Database\Exceptions\DataException::forEmptyDataset('insert')
 2 SYSTEMPATH\Model.php(668): CodeIgniter\BaseModel->insert([], true)
 3 APPPATH\Controllers\Wilayah.php(433): CodeIgniter\Model->insert([...])
 4 SYSTEMPATH\CodeIgniter.php(951): App\Controllers\Wilayah->import()
 5 SYSTEMPATH\CodeIgniter.php(497): CodeIgniter\CodeIgniter->runController(Object(App\Controllers\Wilayah))
 6 SYSTEMPATH\CodeIgniter.php(340): CodeIgniter\CodeIgniter->handleRequest(null, Object(Config\Cache), false)
 7 SYSTEMPATH\Boot.php(417): CodeIgniter\CodeIgniter->run()
 8 SYSTEMPATH\Boot.php(68): CodeIgniter\Boot::runCodeIgniter(Object(CodeIgniter\CodeIgniter))
 9 FCPATH\index.php(59): CodeIgniter\Boot::bootWeb(Object(Config\Paths))
CRITICAL - 2026-04-26 11:25:47 --> ErrorException: Undefined variable $isEditable
[Method: GET, Route: penduduk]
in APPPATH\Views\wilayah\wilayah_view.php on line 32.
 1 APPPATH\Views\wilayah\wilayah_view.php(32): CodeIgniter\Debug\Exceptions->errorHandler(2, 'Undefined variable $isEditable', 'C:\\laragon\\www\\program_bltd\\app\\Views\\wilayah\\wilayah_view.php', 32)
 2 SYSTEMPATH\View\View.php(240): include('C:\\laragon\\www\\program_bltd\\app\\Views\\wilayah\\wilayah_view.php')
 3 SYSTEMPATH\View\View.php(243): CodeIgniter\View\View->CodeIgniter\View\{closure}()
 4 SYSTEMPATH\Common.php(1250): CodeIgniter\View\View->render('wilayah/wilayah_view', [], true)
 5 APPPATH\Controllers\Penduduk.php(12): view('wilayah/wilayah_view')
 6 SYSTEMPATH\CodeIgniter.php(951): App\Controllers\Penduduk->index()
 7 SYSTEMPATH\CodeIgniter.php(497): CodeIgniter\CodeIgniter->runController(Object(App\Controllers\Penduduk))
 8 SYSTEMPATH\CodeIgniter.php(340): CodeIgniter\CodeIgniter->handleRequest(null, Object(Config\Cache), false)
 9 SYSTEMPATH\Boot.php(417): CodeIgniter\CodeIgniter->run()
10 SYSTEMPATH\Boot.php(68): CodeIgniter\Boot::runCodeIgniter(Object(CodeIgniter\CodeIgniter))
11 FCPATH\index.php(59): CodeIgniter\Boot::bootWeb(Object(Config\Paths))
CRITICAL - 2026-04-26 11:26:15 --> ErrorException: Undefined variable $isEditable
[Method: GET, Route: penduduk]
in APPPATH\Views\wilayah\wilayah_view.php on line 168.
 1 APPPATH\Views\wilayah\wilayah_view.php(168): CodeIgniter\Debug\Exceptions->errorHandler(2, 'Undefined variable $isEditable', 'C:\\laragon\\www\\program_bltd\\app\\Views\\wilayah\\wilayah_view.php', 168)
 2 SYSTEMPATH\View\View.php(240): include('C:\\laragon\\www\\program_bltd\\app\\Views\\wilayah\\wilayah_view.php')
 3 SYSTEMPATH\View\View.php(243): CodeIgniter\View\View->CodeIgniter\View\{closure}()
 4 SYSTEMPATH\Common.php(1250): CodeIgniter\View\View->render('wilayah/wilayah_view', [], true)
 5 APPPATH\Controllers\Penduduk.php(12): view('wilayah/wilayah_view')
 6 SYSTEMPATH\CodeIgniter.php(951): App\Controllers\Penduduk->index()
 7 SYSTEMPATH\CodeIgniter.php(497): CodeIgniter\CodeIgniter->runController(Object(App\Controllers\Penduduk))
 8 SYSTEMPATH\CodeIgniter.php(340): CodeIgniter\CodeIgniter->handleRequest(null, Object(Config\Cache), false)
 9 SYSTEMPATH\Boot.php(417): CodeIgniter\CodeIgniter->run()
10 SYSTEMPATH\Boot.php(68): CodeIgniter\Boot::runCodeIgniter(Object(CodeIgniter\CodeIgniter))
11 FCPATH\index.php(59): CodeIgniter\Boot::bootWeb(Object(Config\Paths))
CRITICAL - 2026-04-26 12:43:32 --> CodeIgniter\View\Exceptions\ViewException: Invalid file: "Kriteria/data4.php"
[Method: GET, Route: kriteria]
in SYSTEMPATH\Exceptions\FrameworkException.php on line 39.
 1 SYSTEMPATH\View\View.php(228): CodeIgniter\Exceptions\FrameworkException::forInvalidFile('Kriteria/data4.php')
 2 SYSTEMPATH\Common.php(1250): CodeIgniter\View\View->render('Kriteria/data4', [], true)
 3 APPPATH\Views\Kriteria\kriteria_view.php(80): view('Kriteria/data4')
 4 SYSTEMPATH\View\View.php(240): include('C:\\laragon\\www\\program_bltd\\app\\Views\\Kriteria\\kriteria_view.php')
 5 SYSTEMPATH\View\View.php(243): CodeIgniter\View\View->CodeIgniter\View\{closure}()
 6 SYSTEMPATH\Common.php(1250): CodeIgniter\View\View->render('kriteria/kriteria_view', [], true)
 7 APPPATH\Controllers\Kriteria.php(12): view('kriteria/kriteria_view')
 8 SYSTEMPATH\CodeIgniter.php(951): App\Controllers\Kriteria->index()
 9 SYSTEMPATH\CodeIgniter.php(497): CodeIgniter\CodeIgniter->runController(Object(App\Controllers\Kriteria))
10 SYSTEMPATH\CodeIgniter.php(340): CodeIgniter\CodeIgniter->handleRequest(null, Object(Config\Cache), false)
11 SYSTEMPATH\Boot.php(417): CodeIgniter\CodeIgniter->run()
12 SYSTEMPATH\Boot.php(68): CodeIgniter\Boot::runCodeIgniter(Object(CodeIgniter\CodeIgniter))
13 FCPATH\index.php(59): CodeIgniter\Boot::bootWeb(Object(Config\Paths))
CRITICAL - 2026-04-26 13:10:21 --> ParseError: syntax error, unexpected token "protected"
[Method: GET, Route: kriteria]
in APPPATH\Models\KriteriaModel.php on line 11.
 1 SYSTEMPATH\Autoloader\Autoloader.php(295): CodeIgniter\Autoloader\Autoloader->includeFile('C:\\laragon\\www\\program_bltd\\app\\Models\\KriteriaModel.php')
 2 SYSTEMPATH\Autoloader\Autoloader.php(271): CodeIgniter\Autoloader\Autoloader->loadInNamespace('App\\Models\\KriteriaModel')
 3 APPPATH\Controllers\Kriteria.php(10): CodeIgniter\Autoloader\Autoloader->loadClass('App\\Models\\KriteriaModel')
 4 SYSTEMPATH\CodeIgniter.php(921): App\Controllers\Kriteria->__construct()
 5 SYSTEMPATH\CodeIgniter.php(488): CodeIgniter\CodeIgniter->createController()
 6 SYSTEMPATH\CodeIgniter.php(340): CodeIgniter\CodeIgniter->handleRequest(null, Object(Config\Cache), false)
 7 SYSTEMPATH\Boot.php(417): CodeIgniter\CodeIgniter->run()
 8 SYSTEMPATH\Boot.php(68): CodeIgniter\Boot::runCodeIgniter(Object(CodeIgniter\CodeIgniter))
 9 FCPATH\index.php(59): CodeIgniter\Boot::bootWeb(Object(Config\Paths))
CRITICAL - 2026-04-26 13:10:29 --> ParseError: syntax error, unexpected token "protected"
[Method: GET, Route: kriteria]
in APPPATH\Models\KriteriaModel.php on line 11.
 1 SYSTEMPATH\Autoloader\Autoloader.php(295): CodeIgniter\Autoloader\Autoloader->includeFile('C:\\laragon\\www\\program_bltd\\app\\Models\\KriteriaModel.php')
 2 SYSTEMPATH\Autoloader\Autoloader.php(271): CodeIgniter\Autoloader\Autoloader->loadInNamespace('App\\Models\\KriteriaModel')
 3 APPPATH\Controllers\Kriteria.php(10): CodeIgniter\Autoloader\Autoloader->loadClass('App\\Models\\KriteriaModel')
 4 SYSTEMPATH\CodeIgniter.php(921): App\Controllers\Kriteria->__construct()
 5 SYSTEMPATH\CodeIgniter.php(488): CodeIgniter\CodeIgniter->createController()
 6 SYSTEMPATH\CodeIgniter.php(340): CodeIgniter\CodeIgniter->handleRequest(null, Object(Config\Cache), false)
 7 SYSTEMPATH\Boot.php(417): CodeIgniter\CodeIgniter->run()
 8 SYSTEMPATH\Boot.php(68): CodeIgniter\Boot::runCodeIgniter(Object(CodeIgniter\CodeIgniter))
 9 FCPATH\index.php(59): CodeIgniter\Boot::bootWeb(Object(Config\Paths))
