ERROR - 2026-04-25 03:14:23 --> Error connecting to the database: mysqli_sql_exception: Access denied for user 'root'@'localhost' (using password: YES) in C:\laragon\www\program_bltd\system\Database\MySQLi\Connection.php:201
Stack trace:
#0 C:\laragon\www\program_bltd\system\Database\MySQLi\Connection.php(201): mysqli->real_connect('localhost', 'root', Object(SensitiveParameterValue), 'program_bltd', 3306, '', 0)
#1 C:\laragon\www\program_bltd\system\Database\BaseConnection.php(555): CodeIgniter\Database\MySQLi\Connection->connect(false)
#2 C:\laragon\www\program_bltd\system\Database\BaseConnection.php(795): CodeIgniter\Database\BaseConnection->initialize()
#3 C:\laragon\www\program_bltd\system\Database\BaseBuilder.php(1649): CodeIgniter\Database\BaseConnection->query('SELECT *\nFROM `...', Array, false)
#4 C:\laragon\www\program_bltd\system\Model.php(253): CodeIgniter\Database\BaseBuilder->get()
#5 C:\laragon\www\program_bltd\system\BaseModel.php(676): CodeIgniter\Model->doFindAll(0, 0)
#6 C:\laragon\www\program_bltd\app\Controllers\Wilayah.php(21): CodeIgniter\BaseModel->findAll()
#7 C:\laragon\www\program_bltd\system\CodeIgniter.php(951): App\Controllers\Wilayah->getData()
#8 C:\laragon\www\program_bltd\system\CodeIgniter.php(497): CodeIgniter\CodeIgniter->runController(Object(App\Controllers\Wilayah))
#9 C:\laragon\www\program_bltd\system\CodeIgniter.php(340): CodeIgniter\CodeIgniter->handleRequest(NULL, Object(Config\Cache), false)
#10 C:\laragon\www\program_bltd\system\Boot.php(417): CodeIgniter\CodeIgniter->run()
#11 C:\laragon\www\program_bltd\system\Boot.php(68): CodeIgniter\Boot::runCodeIgniter(Object(CodeIgniter\CodeIgniter))
#12 C:\laragon\www\program_bltd\public\index.php(59): CodeIgniter\Boot::bootWeb(Object(Config\Paths))
#13 {main}

Next CodeIgniter\Database\Exceptions\DatabaseException: Access denied for user '****'@'localhost' (using password: YES) in C:\laragon\www\program_bltd\system\Database\MySQLi\Connection.php:231
Stack trace:
#0 C:\laragon\www\program_bltd\system\Database\BaseConnection.php(555): CodeIgniter\Database\MySQLi\Connection->connect(false)
#1 C:\laragon\www\program_bltd\system\Database\BaseConnection.php(795): CodeIgniter\Database\BaseConnection->initialize()
#2 C:\laragon\www\program_bltd\system\Database\BaseBuilder.php(1649): CodeIgniter\Database\BaseConnection->query('SELECT *\nFROM `...', Array, false)
#3 C:\laragon\www\program_bltd\system\Model.php(253): CodeIgniter\Database\BaseBuilder->get()
#4 C:\laragon\www\program_bltd\system\BaseModel.php(676): CodeIgniter\Model->doFindAll(0, 0)
#5 C:\laragon\www\program_bltd\app\Controllers\Wilayah.php(21): CodeIgniter\BaseModel->findAll()
#6 C:\laragon\www\program_bltd\system\CodeIgniter.php(951): App\Controllers\Wilayah->getData()
#7 C:\laragon\www\program_bltd\system\CodeIgniter.php(497): CodeIgniter\CodeIgniter->runController(Object(App\Controllers\Wilayah))
#8 C:\laragon\www\program_bltd\system\CodeIgniter.php(340): CodeIgniter\CodeIgniter->handleRequest(NULL, Object(Config\Cache), false)
#9 C:\laragon\www\program_bltd\system\Boot.php(417): CodeIgniter\CodeIgniter->run()
#10 C:\laragon\www\program_bltd\system\Boot.php(68): CodeIgniter\Boot::runCodeIgniter(Object(CodeIgniter\CodeIgniter))
#11 C:\laragon\www\program_bltd\public\index.php(59): CodeIgniter\Boot::bootWeb(Object(Config\Paths))
#12 {main}
CRITICAL - 2026-04-25 03:14:23 --> CodeIgniter\Database\Exceptions\DatabaseException: Unable to connect to the database.
Main connection [MySQLi]: Access denied for user '****'@'localhost' (using password: YES)
[Method: GET, Route: wilayah/getdata]
in SYSTEMPATH\Database\BaseConnection.php on line 606.
 1 SYSTEMPATH\Database\BaseConnection.php(795): CodeIgniter\Database\BaseConnection->initialize()
 2 SYSTEMPATH\Database\BaseBuilder.php(1649): CodeIgniter\Database\BaseConnection->query('SELECT *
FROM `wilayah`', [], false)
 3 SYSTEMPATH\Model.php(253): CodeIgniter\Database\BaseBuilder->get()
 4 SYSTEMPATH\BaseModel.php(676): CodeIgniter\Model->doFindAll(0, 0)
 5 APPPATH\Controllers\Wilayah.php(21): CodeIgniter\BaseModel->findAll()
 6 SYSTEMPATH\CodeIgniter.php(951): App\Controllers\Wilayah->getData()
 7 SYSTEMPATH\CodeIgniter.php(497): CodeIgniter\CodeIgniter->runController(Object(App\Controllers\Wilayah))
 8 SYSTEMPATH\CodeIgniter.php(340): CodeIgniter\CodeIgniter->handleRequest(null, Object(Config\Cache), false)
 9 SYSTEMPATH\Boot.php(417): CodeIgniter\CodeIgniter->run()
10 SYSTEMPATH\Boot.php(68): CodeIgniter\Boot::runCodeIgniter(Object(CodeIgniter\CodeIgniter))
11 FCPATH\index.php(59): CodeIgniter\Boot::bootWeb(Object(Config\Paths))
ERROR - 2026-04-25 03:18:12 --> Error connecting to the database: mysqli_sql_exception: Access denied for user 'root'@'localhost' (using password: YES) in C:\laragon\www\program_bltd\system\Database\MySQLi\Connection.php:201
Stack trace:
#0 C:\laragon\www\program_bltd\system\Database\MySQLi\Connection.php(201): mysqli->real_connect('localhost', 'root', Object(SensitiveParameterValue), 'program_bltd', 3306, '', 0)
#1 C:\laragon\www\program_bltd\system\Database\BaseConnection.php(555): CodeIgniter\Database\MySQLi\Connection->connect(false)
#2 C:\laragon\www\program_bltd\system\Database\BaseConnection.php(795): CodeIgniter\Database\BaseConnection->initialize()
#3 C:\laragon\www\program_bltd\system\Database\BaseBuilder.php(1649): CodeIgniter\Database\BaseConnection->query('SELECT *\nFROM `...', Array, false)
#4 C:\laragon\www\program_bltd\system\Model.php(253): CodeIgniter\Database\BaseBuilder->get()
#5 C:\laragon\www\program_bltd\system\BaseModel.php(676): CodeIgniter\Model->doFindAll(0, 0)
#6 C:\laragon\www\program_bltd\app\Controllers\Wilayah.php(21): CodeIgniter\BaseModel->findAll()
#7 C:\laragon\www\program_bltd\system\CodeIgniter.php(951): App\Controllers\Wilayah->getData()
#8 C:\laragon\www\program_bltd\system\CodeIgniter.php(497): CodeIgniter\CodeIgniter->runController(Object(App\Controllers\Wilayah))
#9 C:\laragon\www\program_bltd\system\CodeIgniter.php(340): CodeIgniter\CodeIgniter->handleRequest(NULL, Object(Config\Cache), false)
#10 C:\laragon\www\program_bltd\system\Boot.php(417): CodeIgniter\CodeIgniter->run()
#11 C:\laragon\www\program_bltd\system\Boot.php(68): CodeIgniter\Boot::runCodeIgniter(Object(CodeIgniter\CodeIgniter))
#12 C:\laragon\www\program_bltd\public\index.php(59): CodeIgniter\Boot::bootWeb(Object(Config\Paths))
#13 {main}

Next CodeIgniter\Database\Exceptions\DatabaseException: Access denied for user '****'@'localhost' (using password: YES) in C:\laragon\www\program_bltd\system\Database\MySQLi\Connection.php:231
Stack trace:
#0 C:\laragon\www\program_bltd\system\Database\BaseConnection.php(555): CodeIgniter\Database\MySQLi\Connection->connect(false)
#1 C:\laragon\www\program_bltd\system\Database\BaseConnection.php(795): CodeIgniter\Database\BaseConnection->initialize()
#2 C:\laragon\www\program_bltd\system\Database\BaseBuilder.php(1649): CodeIgniter\Database\BaseConnection->query('SELECT *\nFROM `...', Array, false)
#3 C:\laragon\www\program_bltd\system\Model.php(253): CodeIgniter\Database\BaseBuilder->get()
#4 C:\laragon\www\program_bltd\system\BaseModel.php(676): CodeIgniter\Model->doFindAll(0, 0)
#5 C:\laragon\www\program_bltd\app\Controllers\Wilayah.php(21): CodeIgniter\BaseModel->findAll()
#6 C:\laragon\www\program_bltd\system\CodeIgniter.php(951): App\Controllers\Wilayah->getData()
#7 C:\laragon\www\program_bltd\system\CodeIgniter.php(497): CodeIgniter\CodeIgniter->runController(Object(App\Controllers\Wilayah))
#8 C:\laragon\www\program_bltd\system\CodeIgniter.php(340): CodeIgniter\CodeIgniter->handleRequest(NULL, Object(Config\Cache), false)
#9 C:\laragon\www\program_bltd\system\Boot.php(417): CodeIgniter\CodeIgniter->run()
#10 C:\laragon\www\program_bltd\system\Boot.php(68): CodeIgniter\Boot::runCodeIgniter(Object(CodeIgniter\CodeIgniter))
#11 C:\laragon\www\program_bltd\public\index.php(59): CodeIgniter\Boot::bootWeb(Object(Config\Paths))
#12 {main}
CRITICAL - 2026-04-25 03:18:12 --> CodeIgniter\Database\Exceptions\DatabaseException: Unable to connect to the database.
Main connection [MySQLi]: Access denied for user '****'@'localhost' (using password: YES)
[Method: GET, Route: wilayah/getdata]
in SYSTEMPATH\Database\BaseConnection.php on line 606.
 1 SYSTEMPATH\Database\BaseConnection.php(795): CodeIgniter\Database\BaseConnection->initialize()
 2 SYSTEMPATH\Database\BaseBuilder.php(1649): CodeIgniter\Database\BaseConnection->query('SELECT *
FROM `wilayah`', [], false)
 3 SYSTEMPATH\Model.php(253): CodeIgniter\Database\BaseBuilder->get()
 4 SYSTEMPATH\BaseModel.php(676): CodeIgniter\Model->doFindAll(0, 0)
 5 APPPATH\Controllers\Wilayah.php(21): CodeIgniter\BaseModel->findAll()
 6 SYSTEMPATH\CodeIgniter.php(951): App\Controllers\Wilayah->getData()
 7 SYSTEMPATH\CodeIgniter.php(497): CodeIgniter\CodeIgniter->runController(Object(App\Controllers\Wilayah))
 8 SYSTEMPATH\CodeIgniter.php(340): CodeIgniter\CodeIgniter->handleRequest(null, Object(Config\Cache), false)
 9 SYSTEMPATH\Boot.php(417): CodeIgniter\CodeIgniter->run()
10 SYSTEMPATH\Boot.php(68): CodeIgniter\Boot::runCodeIgniter(Object(CodeIgniter\CodeIgniter))
11 FCPATH\index.php(59): CodeIgniter\Boot::bootWeb(Object(Config\Paths))
ERROR - 2026-04-25 03:21:38 --> Error connecting to the database: mysqli_sql_exception: Access denied for user 'root'@'localhost' (using password: YES) in C:\laragon\www\program_bltd\system\Database\MySQLi\Connection.php:201
Stack trace:
#0 C:\laragon\www\program_bltd\system\Database\MySQLi\Connection.php(201): mysqli->real_connect('localhost', 'root', Object(SensitiveParameterValue), 'program_bltd', 3306, '', 0)
#1 C:\laragon\www\program_bltd\system\Database\BaseConnection.php(555): CodeIgniter\Database\MySQLi\Connection->connect(false)
#2 C:\laragon\www\program_bltd\system\Database\BaseConnection.php(795): CodeIgniter\Database\BaseConnection->initialize()
#3 C:\laragon\www\program_bltd\system\Database\BaseBuilder.php(1649): CodeIgniter\Database\BaseConnection->query('SELECT *\nFROM `...', Array, false)
#4 C:\laragon\www\program_bltd\system\Model.php(253): CodeIgniter\Database\BaseBuilder->get()
#5 C:\laragon\www\program_bltd\system\BaseModel.php(676): CodeIgniter\Model->doFindAll(0, 0)
#6 C:\laragon\www\program_bltd\app\Controllers\Wilayah.php(24): CodeIgniter\BaseModel->findAll()
#7 C:\laragon\www\program_bltd\system\CodeIgniter.php(951): App\Controllers\Wilayah->getData()
#8 C:\laragon\www\program_bltd\system\CodeIgniter.php(497): CodeIgniter\CodeIgniter->runController(Object(App\Controllers\Wilayah))
#9 C:\laragon\www\program_bltd\system\CodeIgniter.php(340): CodeIgniter\CodeIgniter->handleRequest(NULL, Object(Config\Cache), false)
#10 C:\laragon\www\program_bltd\system\Boot.php(417): CodeIgniter\CodeIgniter->run()
#11 C:\laragon\www\program_bltd\system\Boot.php(68): CodeIgniter\Boot::runCodeIgniter(Object(CodeIgniter\CodeIgniter))
#12 C:\laragon\www\program_bltd\public\index.php(59): CodeIgniter\Boot::bootWeb(Object(Config\Paths))
#13 {main}

Next CodeIgniter\Database\Exceptions\DatabaseException: Access denied for user '****'@'localhost' (using password: YES) in C:\laragon\www\program_bltd\system\Database\MySQLi\Connection.php:231
Stack trace:
#0 C:\laragon\www\program_bltd\system\Database\BaseConnection.php(555): CodeIgniter\Database\MySQLi\Connection->connect(false)
#1 C:\laragon\www\program_bltd\system\Database\BaseConnection.php(795): CodeIgniter\Database\BaseConnection->initialize()
#2 C:\laragon\www\program_bltd\system\Database\BaseBuilder.php(1649): CodeIgniter\Database\BaseConnection->query('SELECT *\nFROM `...', Array, false)
#3 C:\laragon\www\program_bltd\system\Model.php(253): CodeIgniter\Database\BaseBuilder->get()
#4 C:\laragon\www\program_bltd\system\BaseModel.php(676): CodeIgniter\Model->doFindAll(0, 0)
#5 C:\laragon\www\program_bltd\app\Controllers\Wilayah.php(24): CodeIgniter\BaseModel->findAll()
#6 C:\laragon\www\program_bltd\system\CodeIgniter.php(951): App\Controllers\Wilayah->getData()
#7 C:\laragon\www\program_bltd\system\CodeIgniter.php(497): CodeIgniter\CodeIgniter->runController(Object(App\Controllers\Wilayah))
#8 C:\laragon\www\program_bltd\system\CodeIgniter.php(340): CodeIgniter\CodeIgniter->handleRequest(NULL, Object(Config\Cache), false)
#9 C:\laragon\www\program_bltd\system\Boot.php(417): CodeIgniter\CodeIgniter->run()
#10 C:\laragon\www\program_bltd\system\Boot.php(68): CodeIgniter\Boot::runCodeIgniter(Object(CodeIgniter\CodeIgniter))
#11 C:\laragon\www\program_bltd\public\index.php(59): CodeIgniter\Boot::bootWeb(Object(Config\Paths))
#12 {main}
CRITICAL - 2026-04-25 03:21:38 --> CodeIgniter\Database\Exceptions\DatabaseException: Unable to connect to the database.
Main connection [MySQLi]: Access denied for user '****'@'localhost' (using password: YES)
[Method: GET, Route: wilayah/getdata]
in SYSTEMPATH\Database\BaseConnection.php on line 606.
 1 SYSTEMPATH\Database\BaseConnection.php(795): CodeIgniter\Database\BaseConnection->initialize()
 2 SYSTEMPATH\Database\BaseBuilder.php(1649): CodeIgniter\Database\BaseConnection->query('SELECT *
FROM `wilayah`', [], false)
 3 SYSTEMPATH\Model.php(253): CodeIgniter\Database\BaseBuilder->get()
 4 SYSTEMPATH\BaseModel.php(676): CodeIgniter\Model->doFindAll(0, 0)
 5 APPPATH\Controllers\Wilayah.php(24): CodeIgniter\BaseModel->findAll()
 6 SYSTEMPATH\CodeIgniter.php(951): App\Controllers\Wilayah->getData()
 7 SYSTEMPATH\CodeIgniter.php(497): CodeIgniter\CodeIgniter->runController(Object(App\Controllers\Wilayah))
 8 SYSTEMPATH\CodeIgniter.php(340): CodeIgniter\CodeIgniter->handleRequest(null, Object(Config\Cache), false)
 9 SYSTEMPATH\Boot.php(417): CodeIgniter\CodeIgniter->run()
10 SYSTEMPATH\Boot.php(68): CodeIgniter\Boot::runCodeIgniter(Object(CodeIgniter\CodeIgniter))
11 FCPATH\index.php(59): CodeIgniter\Boot::bootWeb(Object(Config\Paths))
ERROR - 2026-04-25 03:22:09 --> Error connecting to the database: mysqli_sql_exception: Access denied for user 'root'@'localhost' (using password: YES) in C:\laragon\www\program_bltd\system\Database\MySQLi\Connection.php:201
Stack trace:
#0 C:\laragon\www\program_bltd\system\Database\MySQLi\Connection.php(201): mysqli->real_connect('localhost', 'root', Object(SensitiveParameterValue), 'program_bltd', 3306, '', 0)
#1 C:\laragon\www\program_bltd\system\Database\BaseConnection.php(555): CodeIgniter\Database\MySQLi\Connection->connect(false)
#2 C:\laragon\www\program_bltd\system\Database\BaseConnection.php(795): CodeIgniter\Database\BaseConnection->initialize()
#3 C:\laragon\www\program_bltd\system\Database\BaseBuilder.php(1649): CodeIgniter\Database\BaseConnection->query('SELECT *\nFROM `...', Array, false)
#4 C:\laragon\www\program_bltd\system\Model.php(253): CodeIgniter\Database\BaseBuilder->get()
#5 C:\laragon\www\program_bltd\system\BaseModel.php(676): CodeIgniter\Model->doFindAll(0, 0)
#6 C:\laragon\www\program_bltd\app\Controllers\Wilayah.php(24): CodeIgniter\BaseModel->findAll()
#7 C:\laragon\www\program_bltd\system\CodeIgniter.php(951): App\Controllers\Wilayah->getData()
#8 C:\laragon\www\program_bltd\system\CodeIgniter.php(497): CodeIgniter\CodeIgniter->runController(Object(App\Controllers\Wilayah))
#9 C:\laragon\www\program_bltd\system\CodeIgniter.php(340): CodeIgniter\CodeIgniter->handleRequest(NULL, Object(Config\Cache), false)
#10 C:\laragon\www\program_bltd\system\Boot.php(417): CodeIgniter\CodeIgniter->run()
#11 C:\laragon\www\program_bltd\system\Boot.php(68): CodeIgniter\Boot::runCodeIgniter(Object(CodeIgniter\CodeIgniter))
#12 C:\laragon\www\program_bltd\public\index.php(59): CodeIgniter\Boot::bootWeb(Object(Config\Paths))
#13 {main}

Next CodeIgniter\Database\Exceptions\DatabaseException: Access denied for user '****'@'localhost' (using password: YES) in C:\laragon\www\program_bltd\system\Database\MySQLi\Connection.php:231
Stack trace:
#0 C:\laragon\www\program_bltd\system\Database\BaseConnection.php(555): CodeIgniter\Database\MySQLi\Connection->connect(false)
#1 C:\laragon\www\program_bltd\system\Database\BaseConnection.php(795): CodeIgniter\Database\BaseConnection->initialize()
#2 C:\laragon\www\program_bltd\system\Database\BaseBuilder.php(1649): CodeIgniter\Database\BaseConnection->query('SELECT *\nFROM `...', Array, false)
#3 C:\laragon\www\program_bltd\system\Model.php(253): CodeIgniter\Database\BaseBuilder->get()
#4 C:\laragon\www\program_bltd\system\BaseModel.php(676): CodeIgniter\Model->doFindAll(0, 0)
#5 C:\laragon\www\program_bltd\app\Controllers\Wilayah.php(24): CodeIgniter\BaseModel->findAll()
#6 C:\laragon\www\program_bltd\system\CodeIgniter.php(951): App\Controllers\Wilayah->getData()
#7 C:\laragon\www\program_bltd\system\CodeIgniter.php(497): CodeIgniter\CodeIgniter->runController(Object(App\Controllers\Wilayah))
#8 C:\laragon\www\program_bltd\system\CodeIgniter.php(340): CodeIgniter\CodeIgniter->handleRequest(NULL, Object(Config\Cache), false)
#9 C:\laragon\www\program_bltd\system\Boot.php(417): CodeIgniter\CodeIgniter->run()
#10 C:\laragon\www\program_bltd\system\Boot.php(68): CodeIgniter\Boot::runCodeIgniter(Object(CodeIgniter\CodeIgniter))
#11 C:\laragon\www\program_bltd\public\index.php(59): CodeIgniter\Boot::bootWeb(Object(Config\Paths))
#12 {main}
CRITICAL - 2026-04-25 03:22:09 --> CodeIgniter\Database\Exceptions\DatabaseException: Unable to connect to the database.
Main connection [MySQLi]: Access denied for user '****'@'localhost' (using password: YES)
[Method: GET, Route: wilayah/getdata]
in SYSTEMPATH\Database\BaseConnection.php on line 606.
 1 SYSTEMPATH\Database\BaseConnection.php(795): CodeIgniter\Database\BaseConnection->initialize()
 2 SYSTEMPATH\Database\BaseBuilder.php(1649): CodeIgniter\Database\BaseConnection->query('SELECT *
FROM `wilayah`', [], false)
 3 SYSTEMPATH\Model.php(253): CodeIgniter\Database\BaseBuilder->get()
 4 SYSTEMPATH\BaseModel.php(676): CodeIgniter\Model->doFindAll(0, 0)
 5 APPPATH\Controllers\Wilayah.php(24): CodeIgniter\BaseModel->findAll()
 6 SYSTEMPATH\CodeIgniter.php(951): App\Controllers\Wilayah->getData()
 7 SYSTEMPATH\CodeIgniter.php(497): CodeIgniter\CodeIgniter->runController(Object(App\Controllers\Wilayah))
 8 SYSTEMPATH\CodeIgniter.php(340): CodeIgniter\CodeIgniter->handleRequest(null, Object(Config\Cache), false)
 9 SYSTEMPATH\Boot.php(417): CodeIgniter\CodeIgniter->run()
10 SYSTEMPATH\Boot.php(68): CodeIgniter\Boot::runCodeIgniter(Object(CodeIgniter\CodeIgniter))
11 FCPATH\index.php(59): CodeIgniter\Boot::bootWeb(Object(Config\Paths))
CRITICAL - 2026-04-25 06:13:17 --> ParseError: syntax error, unexpected variable "$this"
[Method: GET, Route: wilayah]
in APPPATH\Controllers\Wilayah.php on line 201.
 1 SYSTEMPATH\Autoloader\Autoloader.php(295): CodeIgniter\Autoloader\Autoloader->includeFile('C:\\laragon\\www\\program_bltd\\app\\Controllers\\Wilayah.php')
 2 SYSTEMPATH\Autoloader\Autoloader.php(271): CodeIgniter\Autoloader\Autoloader->loadInNamespace('App\\Controllers\\Wilayah')
 3 [internal function]: CodeIgniter\Autoloader\Autoloader->loadClass('App\\Controllers\\Wilayah')
 4 SYSTEMPATH\Router\Router.php(792): class_exists('\\App\\Controllers\\Wilayah')
 5 SYSTEMPATH\Router\Router.php(230): CodeIgniter\Router\Router->processRouteAttributes()
 6 SYSTEMPATH\CodeIgniter.php(829): CodeIgniter\Router\Router->handle('wilayah')
 7 SYSTEMPATH\CodeIgniter.php(441): CodeIgniter\CodeIgniter->tryToRouteIt(Object(CodeIgniter\Router\RouteCollection))
 8 SYSTEMPATH\CodeIgniter.php(340): CodeIgniter\CodeIgniter->handleRequest(null, Object(Config\Cache), false)
 9 SYSTEMPATH\Boot.php(417): CodeIgniter\CodeIgniter->run()
10 SYSTEMPATH\Boot.php(68): CodeIgniter\Boot::runCodeIgniter(Object(CodeIgniter\CodeIgniter))
11 FCPATH\index.php(59): CodeIgniter\Boot::bootWeb(Object(Config\Paths))
CRITICAL - 2026-04-25 06:13:53 --> TypeError: CodeIgniter\BaseModel::timeToString(): Argument #1 ($properties) must be of type array, string given, called in C:\laragon\www\program_bltd\system\BaseModel.php on line 1918
[Method: POST, Route: wilayah/updatert]
in SYSTEMPATH\BaseModel.php on line 1805.
 1 SYSTEMPATH\BaseModel.php(1918): CodeIgniter\BaseModel->timeToString('RT 02')
 2 SYSTEMPATH\BaseModel.php(1043): CodeIgniter\BaseModel->transformDataToArray('RT 02', 'update')
 3 SYSTEMPATH\Model.php(709): CodeIgniter\BaseModel->update([...], 'RT 02')
 4 APPPATH\Controllers\Wilayah.php(201): CodeIgniter\Model->update('9', 'RT 02')
 5 SYSTEMPATH\CodeIgniter.php(951): App\Controllers\Wilayah->updateRt()
 6 SYSTEMPATH\CodeIgniter.php(497): CodeIgniter\CodeIgniter->runController(Object(App\Controllers\Wilayah))
 7 SYSTEMPATH\CodeIgniter.php(340): CodeIgniter\CodeIgniter->handleRequest(null, Object(Config\Cache), false)
 8 SYSTEMPATH\Boot.php(417): CodeIgniter\CodeIgniter->run()
 9 SYSTEMPATH\Boot.php(68): CodeIgniter\Boot::runCodeIgniter(Object(CodeIgniter\CodeIgniter))
10 FCPATH\index.php(59): CodeIgniter\Boot::bootWeb(Object(Config\Paths))
CRITICAL - 2026-04-25 06:13:55 --> TypeError: CodeIgniter\BaseModel::timeToString(): Argument #1 ($properties) must be of type array, string given, called in C:\laragon\www\program_bltd\system\BaseModel.php on line 1918
[Method: POST, Route: wilayah/updatert]
in SYSTEMPATH\BaseModel.php on line 1805.
 1 SYSTEMPATH\BaseModel.php(1918): CodeIgniter\BaseModel->timeToString('RT 02')
 2 SYSTEMPATH\BaseModel.php(1043): CodeIgniter\BaseModel->transformDataToArray('RT 02', 'update')
 3 SYSTEMPATH\Model.php(709): CodeIgniter\BaseModel->update([...], 'RT 02')
 4 APPPATH\Controllers\Wilayah.php(201): CodeIgniter\Model->update('9', 'RT 02')
 5 SYSTEMPATH\CodeIgniter.php(951): App\Controllers\Wilayah->updateRt()
 6 SYSTEMPATH\CodeIgniter.php(497): CodeIgniter\CodeIgniter->runController(Object(App\Controllers\Wilayah))
 7 SYSTEMPATH\CodeIgniter.php(340): CodeIgniter\CodeIgniter->handleRequest(null, Object(Config\Cache), false)
 8 SYSTEMPATH\Boot.php(417): CodeIgniter\CodeIgniter->run()
 9 SYSTEMPATH\Boot.php(68): CodeIgniter\Boot::runCodeIgniter(Object(CodeIgniter\CodeIgniter))
10 FCPATH\index.php(59): CodeIgniter\Boot::bootWeb(Object(Config\Paths))
CRITICAL - 2026-04-25 06:14:11 --> TypeError: CodeIgniter\BaseModel::timeToString(): Argument #1 ($properties) must be of type array, string given, called in C:\laragon\www\program_bltd\system\BaseModel.php on line 1918
[Method: POST, Route: wilayah/updatert]
in SYSTEMPATH\BaseModel.php on line 1805.
 1 SYSTEMPATH\BaseModel.php(1918): CodeIgniter\BaseModel->timeToString('RT 02')
 2 SYSTEMPATH\BaseModel.php(1043): CodeIgniter\BaseModel->transformDataToArray('RT 02', 'update')
 3 SYSTEMPATH\Model.php(709): CodeIgniter\BaseModel->update([...], 'RT 02')
 4 APPPATH\Controllers\Wilayah.php(201): CodeIgniter\Model->update('9', 'RT 02')
 5 SYSTEMPATH\CodeIgniter.php(951): App\Controllers\Wilayah->updateRt()
 6 SYSTEMPATH\CodeIgniter.php(497): CodeIgniter\CodeIgniter->runController(Object(App\Controllers\Wilayah))
 7 SYSTEMPATH\CodeIgniter.php(340): CodeIgniter\CodeIgniter->handleRequest(null, Object(Config\Cache), false)
 8 SYSTEMPATH\Boot.php(417): CodeIgniter\CodeIgniter->run()
 9 SYSTEMPATH\Boot.php(68): CodeIgniter\Boot::runCodeIgniter(Object(CodeIgniter\CodeIgniter))
10 FCPATH\index.php(59): CodeIgniter\Boot::bootWeb(Object(Config\Paths))
CRITICAL - 2026-04-25 06:14:12 --> TypeError: CodeIgniter\BaseModel::timeToString(): Argument #1 ($properties) must be of type array, string given, called in C:\laragon\www\program_bltd\system\BaseModel.php on line 1918
[Method: POST, Route: wilayah/updatert]
in SYSTEMPATH\BaseModel.php on line 1805.
 1 SYSTEMPATH\BaseModel.php(1918): CodeIgniter\BaseModel->timeToString('RT 02')
 2 SYSTEMPATH\BaseModel.php(1043): CodeIgniter\BaseModel->transformDataToArray('RT 02', 'update')
 3 SYSTEMPATH\Model.php(709): CodeIgniter\BaseModel->update([...], 'RT 02')
 4 APPPATH\Controllers\Wilayah.php(201): CodeIgniter\Model->update('9', 'RT 02')
 5 SYSTEMPATH\CodeIgniter.php(951): App\Controllers\Wilayah->updateRt()
 6 SYSTEMPATH\CodeIgniter.php(497): CodeIgniter\CodeIgniter->runController(Object(App\Controllers\Wilayah))
 7 SYSTEMPATH\CodeIgniter.php(340): CodeIgniter\CodeIgniter->handleRequest(null, Object(Config\Cache), false)
 8 SYSTEMPATH\Boot.php(417): CodeIgniter\CodeIgniter->run()
 9 SYSTEMPATH\Boot.php(68): CodeIgniter\Boot::runCodeIgniter(Object(CodeIgniter\CodeIgniter))
10 FCPATH\index.php(59): CodeIgniter\Boot::bootWeb(Object(Config\Paths))
CRITICAL - 2026-04-25 06:14:15 --> TypeError: CodeIgniter\BaseModel::timeToString(): Argument #1 ($properties) must be of type array, string given, called in C:\laragon\www\program_bltd\system\BaseModel.php on line 1918
[Method: POST, Route: wilayah/updatert]
in SYSTEMPATH\BaseModel.php on line 1805.
 1 SYSTEMPATH\BaseModel.php(1918): CodeIgniter\BaseModel->timeToString('RT 02')
 2 SYSTEMPATH\BaseModel.php(1043): CodeIgniter\BaseModel->transformDataToArray('RT 02', 'update')
 3 SYSTEMPATH\Model.php(709): CodeIgniter\BaseModel->update([...], 'RT 02')
 4 APPPATH\Controllers\Wilayah.php(201): CodeIgniter\Model->update('9', 'RT 02')
 5 SYSTEMPATH\CodeIgniter.php(951): App\Controllers\Wilayah->updateRt()
 6 SYSTEMPATH\CodeIgniter.php(497): CodeIgniter\CodeIgniter->runController(Object(App\Controllers\Wilayah))
 7 SYSTEMPATH\CodeIgniter.php(340): CodeIgniter\CodeIgniter->handleRequest(null, Object(Config\Cache), false)
 8 SYSTEMPATH\Boot.php(417): CodeIgniter\CodeIgniter->run()
 9 SYSTEMPATH\Boot.php(68): CodeIgniter\Boot::runCodeIgniter(Object(CodeIgniter\CodeIgniter))
10 FCPATH\index.php(59): CodeIgniter\Boot::bootWeb(Object(Config\Paths))
CRITICAL - 2026-04-25 08:10:00 --> ParseError: syntax error, unexpected token "[", expecting variable or "{" or "$"
[Method: GET, Route: wilayah]
in APPPATH\Controllers\Wilayah.php on line 248.
 1 SYSTEMPATH\Autoloader\Autoloader.php(295): CodeIgniter\Autoloader\Autoloader->includeFile('C:\\laragon\\www\\program_bltd\\app\\Controllers\\Wilayah.php')
 2 SYSTEMPATH\Autoloader\Autoloader.php(271): CodeIgniter\Autoloader\Autoloader->loadInNamespace('App\\Controllers\\Wilayah')
 3 [internal function]: CodeIgniter\Autoloader\Autoloader->loadClass('App\\Controllers\\Wilayah')
 4 SYSTEMPATH\Router\Router.php(792): class_exists('\\App\\Controllers\\Wilayah')
 5 SYSTEMPATH\Router\Router.php(230): CodeIgniter\Router\Router->processRouteAttributes()
 6 SYSTEMPATH\CodeIgniter.php(829): CodeIgniter\Router\Router->handle('wilayah')
 7 SYSTEMPATH\CodeIgniter.php(441): CodeIgniter\CodeIgniter->tryToRouteIt(Object(CodeIgniter\Router\RouteCollection))
 8 SYSTEMPATH\CodeIgniter.php(340): CodeIgniter\CodeIgniter->handleRequest(null, Object(Config\Cache), false)
 9 SYSTEMPATH\Boot.php(417): CodeIgniter\CodeIgniter->run()
10 SYSTEMPATH\Boot.php(68): CodeIgniter\Boot::runCodeIgniter(Object(CodeIgniter\CodeIgniter))
11 FCPATH\index.php(59): CodeIgniter\Boot::bootWeb(Object(Config\Paths))
CRITICAL - 2026-04-25 09:37:29 --> ParseError: syntax error, unexpected token "=", expecting "]"
[Method: GET, Route: wilayah]
in APPPATH\Controllers\Wilayah.php on line 68.
 1 SYSTEMPATH\Autoloader\Autoloader.php(295): CodeIgniter\Autoloader\Autoloader->includeFile('C:\\laragon\\www\\program_bltd\\app\\Controllers\\Wilayah.php')
 2 SYSTEMPATH\Autoloader\Autoloader.php(271): CodeIgniter\Autoloader\Autoloader->loadInNamespace('App\\Controllers\\Wilayah')
 3 [internal function]: CodeIgniter\Autoloader\Autoloader->loadClass('App\\Controllers\\Wilayah')
 4 SYSTEMPATH\Router\Router.php(792): class_exists('\\App\\Controllers\\Wilayah')
 5 SYSTEMPATH\Router\Router.php(230): CodeIgniter\Router\Router->processRouteAttributes()
 6 SYSTEMPATH\CodeIgniter.php(829): CodeIgniter\Router\Router->handle('wilayah')
 7 SYSTEMPATH\CodeIgniter.php(441): CodeIgniter\CodeIgniter->tryToRouteIt(Object(CodeIgniter\Router\RouteCollection))
 8 SYSTEMPATH\CodeIgniter.php(340): CodeIgniter\CodeIgniter->handleRequest(null, Object(Config\Cache), false)
 9 SYSTEMPATH\Boot.php(417): CodeIgniter\CodeIgniter->run()
10 SYSTEMPATH\Boot.php(68): CodeIgniter\Boot::runCodeIgniter(Object(CodeIgniter\CodeIgniter))
11 FCPATH\index.php(59): CodeIgniter\Boot::bootWeb(Object(Config\Paths))
CRITICAL - 2026-04-25 09:38:18 --> ParseError: syntax error, unexpected identifier "no", expecting "]"
[Method: GET, Route: wilayah]
in APPPATH\Controllers\Wilayah.php on line 107.
 1 SYSTEMPATH\Autoloader\Autoloader.php(295): CodeIgniter\Autoloader\Autoloader->includeFile('C:\\laragon\\www\\program_bltd\\app\\Controllers\\Wilayah.php')
 2 SYSTEMPATH\Autoloader\Autoloader.php(271): CodeIgniter\Autoloader\Autoloader->loadInNamespace('App\\Controllers\\Wilayah')
 3 [internal function]: CodeIgniter\Autoloader\Autoloader->loadClass('App\\Controllers\\Wilayah')
 4 SYSTEMPATH\Router\Router.php(792): class_exists('\\App\\Controllers\\Wilayah')
 5 SYSTEMPATH\Router\Router.php(230): CodeIgniter\Router\Router->processRouteAttributes()
 6 SYSTEMPATH\CodeIgniter.php(829): CodeIgniter\Router\Router->handle('wilayah')
 7 SYSTEMPATH\CodeIgniter.php(441): CodeIgniter\CodeIgniter->tryToRouteIt(Object(CodeIgniter\Router\RouteCollection))
 8 SYSTEMPATH\CodeIgniter.php(340): CodeIgniter\CodeIgniter->handleRequest(null, Object(Config\Cache), false)
 9 SYSTEMPATH\Boot.php(417): CodeIgniter\CodeIgniter->run()
10 SYSTEMPATH\Boot.php(68): CodeIgniter\Boot::runCodeIgniter(Object(CodeIgniter\CodeIgniter))
11 FCPATH\index.php(59): CodeIgniter\Boot::bootWeb(Object(Config\Paths))
CRITICAL - 2026-04-25 09:38:19 --> ParseError: syntax error, unexpected identifier "no", expecting "]"
[Method: GET, Route: wilayah]
in APPPATH\Controllers\Wilayah.php on line 107.
 1 SYSTEMPATH\Autoloader\Autoloader.php(295): CodeIgniter\Autoloader\Autoloader->includeFile('C:\\laragon\\www\\program_bltd\\app\\Controllers\\Wilayah.php')
 2 SYSTEMPATH\Autoloader\Autoloader.php(271): CodeIgniter\Autoloader\Autoloader->loadInNamespace('App\\Controllers\\Wilayah')
 3 [internal function]: CodeIgniter\Autoloader\Autoloader->loadClass('App\\Controllers\\Wilayah')
 4 SYSTEMPATH\Router\Router.php(792): class_exists('\\App\\Controllers\\Wilayah')
 5 SYSTEMPATH\Router\Router.php(230): CodeIgniter\Router\Router->processRouteAttributes()
 6 SYSTEMPATH\CodeIgniter.php(829): CodeIgniter\Router\Router->handle('wilayah')
 7 SYSTEMPATH\CodeIgniter.php(441): CodeIgniter\CodeIgniter->tryToRouteIt(Object(CodeIgniter\Router\RouteCollection))
 8 SYSTEMPATH\CodeIgniter.php(340): CodeIgniter\CodeIgniter->handleRequest(null, Object(Config\Cache), false)
 9 SYSTEMPATH\Boot.php(417): CodeIgniter\CodeIgniter->run()
10 SYSTEMPATH\Boot.php(68): CodeIgniter\Boot::runCodeIgniter(Object(CodeIgniter\CodeIgniter))
11 FCPATH\index.php(59): CodeIgniter\Boot::bootWeb(Object(Config\Paths))
CRITICAL - 2026-04-25 10:10:28 --> ErrorException: Undefined variable $rw
[Method: GET, Route: wilayah/edit/3]
in APPPATH\Controllers\Wilayah.php on line 242.
 1 APPPATH\Controllers\Wilayah.php(242): CodeIgniter\Debug\Exceptions->errorHandler(2, 'Undefined variable $rw', 'C:\\laragon\\www\\program_bltd\\app\\Controllers\\Wilayah.php', 242)
 2 SYSTEMPATH\CodeIgniter.php(951): App\Controllers\Wilayah->edit('3')
 3 SYSTEMPATH\CodeIgniter.php(497): CodeIgniter\CodeIgniter->runController(Object(App\Controllers\Wilayah))
 4 SYSTEMPATH\CodeIgniter.php(340): CodeIgniter\CodeIgniter->handleRequest(null, Object(Config\Cache), false)
 5 SYSTEMPATH\Boot.php(417): CodeIgniter\CodeIgniter->run()
 6 SYSTEMPATH\Boot.php(68): CodeIgniter\Boot::runCodeIgniter(Object(CodeIgniter\CodeIgniter))
 7 FCPATH\index.php(59): CodeIgniter\Boot::bootWeb(Object(Config\Paths))
CRITICAL - 2026-04-25 10:10:29 --> ErrorException: Undefined variable $rw
[Method: GET, Route: wilayah/edit/3]
in APPPATH\Controllers\Wilayah.php on line 242.
 1 APPPATH\Controllers\Wilayah.php(242): CodeIgniter\Debug\Exceptions->errorHandler(2, 'Undefined variable $rw', 'C:\\laragon\\www\\program_bltd\\app\\Controllers\\Wilayah.php', 242)
 2 SYSTEMPATH\CodeIgniter.php(951): App\Controllers\Wilayah->edit('3')
 3 SYSTEMPATH\CodeIgniter.php(497): CodeIgniter\CodeIgniter->runController(Object(App\Controllers\Wilayah))
 4 SYSTEMPATH\CodeIgniter.php(340): CodeIgniter\CodeIgniter->handleRequest(null, Object(Config\Cache), false)
 5 SYSTEMPATH\Boot.php(417): CodeIgniter\CodeIgniter->run()
 6 SYSTEMPATH\Boot.php(68): CodeIgniter\Boot::runCodeIgniter(Object(CodeIgniter\CodeIgniter))
 7 FCPATH\index.php(59): CodeIgniter\Boot::bootWeb(Object(Config\Paths))
CRITICAL - 2026-04-25 10:10:44 --> ErrorException: Undefined variable $dusun
[Method: GET, Route: wilayah/edit/3]
in APPPATH\Controllers\Wilayah.php on line 247.
 1 APPPATH\Controllers\Wilayah.php(247): CodeIgniter\Debug\Exceptions->errorHandler(2, 'Undefined variable $dusun', 'C:\\laragon\\www\\program_bltd\\app\\Controllers\\Wilayah.php', 247)
 2 SYSTEMPATH\CodeIgniter.php(951): App\Controllers\Wilayah->edit('3')
 3 SYSTEMPATH\CodeIgniter.php(497): CodeIgniter\CodeIgniter->runController(Object(App\Controllers\Wilayah))
 4 SYSTEMPATH\CodeIgniter.php(340): CodeIgniter\CodeIgniter->handleRequest(null, Object(Config\Cache), false)
 5 SYSTEMPATH\Boot.php(417): CodeIgniter\CodeIgniter->run()
 6 SYSTEMPATH\Boot.php(68): CodeIgniter\Boot::runCodeIgniter(Object(CodeIgniter\CodeIgniter))
 7 FCPATH\index.php(59): CodeIgniter\Boot::bootWeb(Object(Config\Paths))
CRITICAL - 2026-04-25 10:12:41 --> ErrorException: Cannot redeclare App\Controllers\Wilayah::editRW()
[Method: GET, Route: wilayah]
in APPPATH\Controllers\Wilayah.php on line 281.
 1 [internal function]: CodeIgniter\Debug\Exceptions->shutdownHandler()
CRITICAL - 2026-04-25 10:17:57 --> ErrorException: Undefined array key "nama_wilayah"
[Method: GET, Route: wilayah/editRw/3]
in APPPATH\Controllers\Wilayah.php on line 274.
 1 APPPATH\Controllers\Wilayah.php(274): CodeIgniter\Debug\Exceptions->errorHandler(2, 'Undefined array key "nama_wilayah"', 'C:\\laragon\\www\\program_bltd\\app\\Controllers\\Wilayah.php', 274)
 2 SYSTEMPATH\CodeIgniter.php(951): App\Controllers\Wilayah->editRW('3')
 3 SYSTEMPATH\CodeIgniter.php(497): CodeIgniter\CodeIgniter->runController(Object(App\Controllers\Wilayah))
 4 SYSTEMPATH\CodeIgniter.php(340): CodeIgniter\CodeIgniter->handleRequest(null, Object(Config\Cache), false)
 5 SYSTEMPATH\Boot.php(417): CodeIgniter\CodeIgniter->run()
 6 SYSTEMPATH\Boot.php(68): CodeIgniter\Boot::runCodeIgniter(Object(CodeIgniter\CodeIgniter))
 7 FCPATH\index.php(59): CodeIgniter\Boot::bootWeb(Object(Config\Paths))
CRITICAL - 2026-04-25 10:17:58 --> ErrorException: Undefined array key "nama_wilayah"
[Method: GET, Route: wilayah/editRw/3]
in APPPATH\Controllers\Wilayah.php on line 274.
 1 APPPATH\Controllers\Wilayah.php(274): CodeIgniter\Debug\Exceptions->errorHandler(2, 'Undefined array key "nama_wilayah"', 'C:\\laragon\\www\\program_bltd\\app\\Controllers\\Wilayah.php', 274)
 2 SYSTEMPATH\CodeIgniter.php(951): App\Controllers\Wilayah->editRW('3')
 3 SYSTEMPATH\CodeIgniter.php(497): CodeIgniter\CodeIgniter->runController(Object(App\Controllers\Wilayah))
 4 SYSTEMPATH\CodeIgniter.php(340): CodeIgniter\CodeIgniter->handleRequest(null, Object(Config\Cache), false)
 5 SYSTEMPATH\Boot.php(417): CodeIgniter\CodeIgniter->run()
 6 SYSTEMPATH\Boot.php(68): CodeIgniter\Boot::runCodeIgniter(Object(CodeIgniter\CodeIgniter))
 7 FCPATH\index.php(59): CodeIgniter\Boot::bootWeb(Object(Config\Paths))
CRITICAL - 2026-04-25 10:17:58 --> ErrorException: Undefined array key "nama_wilayah"
[Method: GET, Route: wilayah/editRw/3]
in APPPATH\Controllers\Wilayah.php on line 274.
 1 APPPATH\Controllers\Wilayah.php(274): CodeIgniter\Debug\Exceptions->errorHandler(2, 'Undefined array key "nama_wilayah"', 'C:\\laragon\\www\\program_bltd\\app\\Controllers\\Wilayah.php', 274)
 2 SYSTEMPATH\CodeIgniter.php(951): App\Controllers\Wilayah->editRW('3')
 3 SYSTEMPATH\CodeIgniter.php(497): CodeIgniter\CodeIgniter->runController(Object(App\Controllers\Wilayah))
 4 SYSTEMPATH\CodeIgniter.php(340): CodeIgniter\CodeIgniter->handleRequest(null, Object(Config\Cache), false)
 5 SYSTEMPATH\Boot.php(417): CodeIgniter\CodeIgniter->run()
 6 SYSTEMPATH\Boot.php(68): CodeIgniter\Boot::runCodeIgniter(Object(CodeIgniter\CodeIgniter))
 7 FCPATH\index.php(59): CodeIgniter\Boot::bootWeb(Object(Config\Paths))
CRITICAL - 2026-04-25 10:26:53 --> ErrorException: Undefined array key "nama_wilayah"
[Method: GET, Route: wilayah/editRw/3]
in APPPATH\Controllers\Wilayah.php on line 271.
 1 APPPATH\Controllers\Wilayah.php(271): CodeIgniter\Debug\Exceptions->errorHandler(2, 'Undefined array key "nama_wilayah"', 'C:\\laragon\\www\\program_bltd\\app\\Controllers\\Wilayah.php', 271)
 2 SYSTEMPATH\CodeIgniter.php(951): App\Controllers\Wilayah->editRW('3')
 3 SYSTEMPATH\CodeIgniter.php(497): CodeIgniter\CodeIgniter->runController(Object(App\Controllers\Wilayah))
 4 SYSTEMPATH\CodeIgniter.php(340): CodeIgniter\CodeIgniter->handleRequest(null, Object(Config\Cache), false)
 5 SYSTEMPATH\Boot.php(417): CodeIgniter\CodeIgniter->run()
 6 SYSTEMPATH\Boot.php(68): CodeIgniter\Boot::runCodeIgniter(Object(CodeIgniter\CodeIgniter))
 7 FCPATH\index.php(59): CodeIgniter\Boot::bootWeb(Object(Config\Paths))
CRITICAL - 2026-04-25 10:26:54 --> ErrorException: Undefined array key "nama_wilayah"
[Method: GET, Route: wilayah/editRw/3]
in APPPATH\Controllers\Wilayah.php on line 271.
 1 APPPATH\Controllers\Wilayah.php(271): CodeIgniter\Debug\Exceptions->errorHandler(2, 'Undefined array key "nama_wilayah"', 'C:\\laragon\\www\\program_bltd\\app\\Controllers\\Wilayah.php', 271)
 2 SYSTEMPATH\CodeIgniter.php(951): App\Controllers\Wilayah->editRW('3')
 3 SYSTEMPATH\CodeIgniter.php(497): CodeIgniter\CodeIgniter->runController(Object(App\Controllers\Wilayah))
 4 SYSTEMPATH\CodeIgniter.php(340): CodeIgniter\CodeIgniter->handleRequest(null, Object(Config\Cache), false)
 5 SYSTEMPATH\Boot.php(417): CodeIgniter\CodeIgniter->run()
 6 SYSTEMPATH\Boot.php(68): CodeIgniter\Boot::runCodeIgniter(Object(CodeIgniter\CodeIgniter))
 7 FCPATH\index.php(59): CodeIgniter\Boot::bootWeb(Object(Config\Paths))
CRITICAL - 2026-04-25 10:26:54 --> ErrorException: Undefined array key "nama_wilayah"
[Method: GET, Route: wilayah/editRw/3]
in APPPATH\Controllers\Wilayah.php on line 271.
 1 APPPATH\Controllers\Wilayah.php(271): CodeIgniter\Debug\Exceptions->errorHandler(2, 'Undefined array key "nama_wilayah"', 'C:\\laragon\\www\\program_bltd\\app\\Controllers\\Wilayah.php', 271)
 2 SYSTEMPATH\CodeIgniter.php(951): App\Controllers\Wilayah->editRW('3')
 3 SYSTEMPATH\CodeIgniter.php(497): CodeIgniter\CodeIgniter->runController(Object(App\Controllers\Wilayah))
 4 SYSTEMPATH\CodeIgniter.php(340): CodeIgniter\CodeIgniter->handleRequest(null, Object(Config\Cache), false)
 5 SYSTEMPATH\Boot.php(417): CodeIgniter\CodeIgniter->run()
 6 SYSTEMPATH\Boot.php(68): CodeIgniter\Boot::runCodeIgniter(Object(CodeIgniter\CodeIgniter))
 7 FCPATH\index.php(59): CodeIgniter\Boot::bootWeb(Object(Config\Paths))
CRITICAL - 2026-04-25 10:26:55 --> ErrorException: Undefined array key "nama_wilayah"
[Method: GET, Route: wilayah/editRw/3]
in APPPATH\Controllers\Wilayah.php on line 271.
 1 APPPATH\Controllers\Wilayah.php(271): CodeIgniter\Debug\Exceptions->errorHandler(2, 'Undefined array key "nama_wilayah"', 'C:\\laragon\\www\\program_bltd\\app\\Controllers\\Wilayah.php', 271)
 2 SYSTEMPATH\CodeIgniter.php(951): App\Controllers\Wilayah->editRW('3')
 3 SYSTEMPATH\CodeIgniter.php(497): CodeIgniter\CodeIgniter->runController(Object(App\Controllers\Wilayah))
 4 SYSTEMPATH\CodeIgniter.php(340): CodeIgniter\CodeIgniter->handleRequest(null, Object(Config\Cache), false)
 5 SYSTEMPATH\Boot.php(417): CodeIgniter\CodeIgniter->run()
 6 SYSTEMPATH\Boot.php(68): CodeIgniter\Boot::runCodeIgniter(Object(CodeIgniter\CodeIgniter))
 7 FCPATH\index.php(59): CodeIgniter\Boot::bootWeb(Object(Config\Paths))
CRITICAL - 2026-04-25 10:31:27 --> ErrorException: Undefined array key "nama_wilayah"
[Method: GET, Route: wilayah/editRw/3]
in APPPATH\Controllers\Wilayah.php on line 272.
 1 APPPATH\Controllers\Wilayah.php(272): CodeIgniter\Debug\Exceptions->errorHandler(2, 'Undefined array key "nama_wilayah"', 'C:\\laragon\\www\\program_bltd\\app\\Controllers\\Wilayah.php', 272)
 2 SYSTEMPATH\CodeIgniter.php(951): App\Controllers\Wilayah->editRW('3')
 3 SYSTEMPATH\CodeIgniter.php(497): CodeIgniter\CodeIgniter->runController(Object(App\Controllers\Wilayah))
 4 SYSTEMPATH\CodeIgniter.php(340): CodeIgniter\CodeIgniter->handleRequest(null, Object(Config\Cache), false)
 5 SYSTEMPATH\Boot.php(417): CodeIgniter\CodeIgniter->run()
 6 SYSTEMPATH\Boot.php(68): CodeIgniter\Boot::runCodeIgniter(Object(CodeIgniter\CodeIgniter))
 7 FCPATH\index.php(59): CodeIgniter\Boot::bootWeb(Object(Config\Paths))
CRITICAL - 2026-04-25 10:31:28 --> ErrorException: Undefined array key "nama_wilayah"
[Method: GET, Route: wilayah/editRw/3]
in APPPATH\Controllers\Wilayah.php on line 272.
 1 APPPATH\Controllers\Wilayah.php(272): CodeIgniter\Debug\Exceptions->errorHandler(2, 'Undefined array key "nama_wilayah"', 'C:\\laragon\\www\\program_bltd\\app\\Controllers\\Wilayah.php', 272)
 2 SYSTEMPATH\CodeIgniter.php(951): App\Controllers\Wilayah->editRW('3')
 3 SYSTEMPATH\CodeIgniter.php(497): CodeIgniter\CodeIgniter->runController(Object(App\Controllers\Wilayah))
 4 SYSTEMPATH\CodeIgniter.php(340): CodeIgniter\CodeIgniter->handleRequest(null, Object(Config\Cache), false)
 5 SYSTEMPATH\Boot.php(417): CodeIgniter\CodeIgniter->run()
 6 SYSTEMPATH\Boot.php(68): CodeIgniter\Boot::runCodeIgniter(Object(CodeIgniter\CodeIgniter))
 7 FCPATH\index.php(59): CodeIgniter\Boot::bootWeb(Object(Config\Paths))
