CRITICAL - 2026-06-05 06:42:57 --> ParseError: syntax error, unexpected token ",", expecting "]"
[Method: GET, Route: dashboard]
in APPPATH\Controllers\Dashboard.php on line 17.
 1 SYSTEMPATH\Autoloader\Autoloader.php(295): CodeIgniter\Autoloader\Autoloader->includeFile('C:\\laragon\\www\\program_bltd\\app\\Controllers\\Dashboard.php')
 2 SYSTEMPATH\Autoloader\Autoloader.php(271): CodeIgniter\Autoloader\Autoloader->loadInNamespace('App\\Controllers\\Dashboard')
 3 [internal function]: CodeIgniter\Autoloader\Autoloader->loadClass('App\\Controllers\\Dashboard')
 4 SYSTEMPATH\Router\Router.php(792): class_exists('\\App\\Controllers\\Dashboard')
 5 SYSTEMPATH\Router\Router.php(230): CodeIgniter\Router\Router->processRouteAttributes()
 6 SYSTEMPATH\CodeIgniter.php(829): CodeIgniter\Router\Router->handle('dashboard')
 7 SYSTEMPATH\CodeIgniter.php(441): CodeIgniter\CodeIgniter->tryToRouteIt(Object(CodeIgniter\Router\RouteCollection))
 8 SYSTEMPATH\CodeIgniter.php(340): CodeIgniter\CodeIgniter->handleRequest(null, Object(Config\Cache), false)
 9 SYSTEMPATH\Boot.php(417): CodeIgniter\CodeIgniter->run()
10 SYSTEMPATH\Boot.php(68): CodeIgniter\Boot::runCodeIgniter(Object(CodeIgniter\CodeIgniter))
11 FCPATH\index.php(59): CodeIgniter\Boot::bootWeb(Object(Config\Paths))
WARNING - 2026-06-05 06:46:51 --> [DEPRECATED] Creation of dynamic property App\Controllers\Dashboard::$WilayahModel is deprecated in APPPATH\Controllers\Dashboard.php on line 11.
 1 SYSTEMPATH\CodeIgniter.php(951): App\Controllers\Dashboard->index()
 2 SYSTEMPATH\CodeIgniter.php(497): CodeIgniter\CodeIgniter->runController(Object(App\Controllers\Dashboard))
 3 SYSTEMPATH\CodeIgniter.php(340): CodeIgniter\CodeIgniter->handleRequest(null, Object(Config\Cache), false)
 4 SYSTEMPATH\Boot.php(417): CodeIgniter\CodeIgniter->run()
 5 SYSTEMPATH\Boot.php(68): CodeIgniter\Boot::runCodeIgniter(Object(CodeIgniter\CodeIgniter))
 6 FCPATH\index.php(59): CodeIgniter\Boot::bootWeb(Object(Config\Paths))
WARNING - 2026-06-05 06:46:51 --> [DEPRECATED] Creation of dynamic property App\Controllers\Dashboard::$KelaurgaModel is deprecated in APPPATH\Controllers\Dashboard.php on line 12.
 1 SYSTEMPATH\CodeIgniter.php(951): App\Controllers\Dashboard->index()
 2 SYSTEMPATH\CodeIgniter.php(497): CodeIgniter\CodeIgniter->runController(Object(App\Controllers\Dashboard))
 3 SYSTEMPATH\CodeIgniter.php(340): CodeIgniter\CodeIgniter->handleRequest(null, Object(Config\Cache), false)
 4 SYSTEMPATH\Boot.php(417): CodeIgniter\CodeIgniter->run()
 5 SYSTEMPATH\Boot.php(68): CodeIgniter\Boot::runCodeIgniter(Object(CodeIgniter\CodeIgniter))
 6 FCPATH\index.php(59): CodeIgniter\Boot::bootWeb(Object(Config\Paths))
CRITICAL - 2026-06-05 06:46:51 --> ErrorException: Undefined variable $WilayahModel
[Method: GET, Route: dashboard]
in APPPATH\Controllers\Dashboard.php on line 13.
 1 APPPATH\Controllers\Dashboard.php(13): CodeIgniter\Debug\Exceptions->errorHandler(2, 'Undefined variable $WilayahModel', 'C:\\laragon\\www\\program_bltd\\app\\Controllers\\Dashboard.php', 13)
 2 SYSTEMPATH\CodeIgniter.php(951): App\Controllers\Dashboard->index()
 3 SYSTEMPATH\CodeIgniter.php(497): CodeIgniter\CodeIgniter->runController(Object(App\Controllers\Dashboard))
 4 SYSTEMPATH\CodeIgniter.php(340): CodeIgniter\CodeIgniter->handleRequest(null, Object(Config\Cache), false)
 5 SYSTEMPATH\Boot.php(417): CodeIgniter\CodeIgniter->run()
 6 SYSTEMPATH\Boot.php(68): CodeIgniter\Boot::runCodeIgniter(Object(CodeIgniter\CodeIgniter))
 7 FCPATH\index.php(59): CodeIgniter\Boot::bootWeb(Object(Config\Paths))
CRITICAL - 2026-06-05 06:47:14 --> ErrorException: Undefined variable $KeluargaModel
[Method: GET, Route: dashboard]
in APPPATH\Controllers\Dashboard.php on line 16.
 1 APPPATH\Controllers\Dashboard.php(16): CodeIgniter\Debug\Exceptions->errorHandler(2, 'Undefined variable $KeluargaModel', 'C:\\laragon\\www\\program_bltd\\app\\Controllers\\Dashboard.php', 16)
 2 SYSTEMPATH\CodeIgniter.php(951): App\Controllers\Dashboard->index()
 3 SYSTEMPATH\CodeIgniter.php(497): CodeIgniter\CodeIgniter->runController(Object(App\Controllers\Dashboard))
 4 SYSTEMPATH\CodeIgniter.php(340): CodeIgniter\CodeIgniter->handleRequest(null, Object(Config\Cache), false)
 5 SYSTEMPATH\Boot.php(417): CodeIgniter\CodeIgniter->run()
 6 SYSTEMPATH\Boot.php(68): CodeIgniter\Boot::runCodeIgniter(Object(CodeIgniter\CodeIgniter))
 7 FCPATH\index.php(59): CodeIgniter\Boot::bootWeb(Object(Config\Paths))
CRITICAL - 2026-06-05 06:48:33 --> ErrorException: Undefined variable $KeluargaModel
[Method: GET, Route: dashboard]
in APPPATH\Controllers\Dashboard.php on line 16.
 1 APPPATH\Controllers\Dashboard.php(16): CodeIgniter\Debug\Exceptions->errorHandler(2, 'Undefined variable $KeluargaModel', 'C:\\laragon\\www\\program_bltd\\app\\Controllers\\Dashboard.php', 16)
 2 SYSTEMPATH\CodeIgniter.php(951): App\Controllers\Dashboard->index()
 3 SYSTEMPATH\CodeIgniter.php(497): CodeIgniter\CodeIgniter->runController(Object(App\Controllers\Dashboard))
 4 SYSTEMPATH\CodeIgniter.php(340): CodeIgniter\CodeIgniter->handleRequest(null, Object(Config\Cache), false)
 5 SYSTEMPATH\Boot.php(417): CodeIgniter\CodeIgniter->run()
 6 SYSTEMPATH\Boot.php(68): CodeIgniter\Boot::runCodeIgniter(Object(CodeIgniter\CodeIgniter))
 7 FCPATH\index.php(59): CodeIgniter\Boot::bootWeb(Object(Config\Paths))
CRITICAL - 2026-06-05 06:48:53 --> ErrorException: Undefined variable $total_dusun
[Method: GET, Route: dashboard]
in APPPATH\Views\dashboard\dashboard_view.php on line 47.
 1 APPPATH\Views\dashboard\dashboard_view.php(47): CodeIgniter\Debug\Exceptions->errorHandler(2, 'Undefined variable $total_dusun', 'C:\\laragon\\www\\program_bltd\\app\\Views\\dashboard\\dashboard_view.php', 47)
 2 SYSTEMPATH\View\View.php(240): include('C:\\laragon\\www\\program_bltd\\app\\Views\\dashboard\\dashboard_view.php')
 3 SYSTEMPATH\View\View.php(243): CodeIgniter\View\View->CodeIgniter\View\{closure}()
 4 SYSTEMPATH\Common.php(1250): CodeIgniter\View\View->render('/dashboard/dashboard_view', [], true)
 5 APPPATH\Controllers\Dashboard.php(24): view('/dashboard/dashboard_view', [...])
 6 SYSTEMPATH\CodeIgniter.php(951): App\Controllers\Dashboard->index()
 7 SYSTEMPATH\CodeIgniter.php(497): CodeIgniter\CodeIgniter->runController(Object(App\Controllers\Dashboard))
 8 SYSTEMPATH\CodeIgniter.php(340): CodeIgniter\CodeIgniter->handleRequest(null, Object(Config\Cache), false)
 9 SYSTEMPATH\Boot.php(417): CodeIgniter\CodeIgniter->run()
10 SYSTEMPATH\Boot.php(68): CodeIgniter\Boot::runCodeIgniter(Object(CodeIgniter\CodeIgniter))
11 FCPATH\index.php(59): CodeIgniter\Boot::bootWeb(Object(Config\Paths))
